Type Error: UndefinedObjectField
    ---> src/tests/typecheck/test_error_struct.ib:12:26
    |
 12 | 	let v = Vec2 { x, y: 5, foo };
    | 	                        ^^^

Type Error: Missing field: y
    ---> src/tests/typecheck/test_error_struct.ib:13:10
    |
 13 | 	let v = Vec2 { x };
    | 	        ^^^^

Type Error: Missing field: y
    ---> src/tests/typecheck/test_error_struct.ib:14:10
    |
 14 | 	let v = Vec2 { x, bar: foo };
    | 	        ^^^^

Type Error: UndefinedObjectField
    ---> src/tests/typecheck/test_error_struct.ib:14:20
    |
 14 | 	let v = Vec2 { x, bar: foo };
    | 	                  ^^^

Type Error: SymbolCannotBeConstructed
    ---> src/tests/typecheck/test_error_struct.ib:15:10
    |
 15 | 	let v = Foo { x, bar: foo };
    | 	        ^^^

Type Error: UnknownSymbolForObjectInit
    ---> src/tests/typecheck/test_error_struct.ib:16:10
    |
 16 | 	let v = Bar { x, bar: foo };
    | 	        ^^^

Type Error: ObjectInitFieldTypeMismatch
    ---> src/tests/typecheck/test_error_struct.ib:19:17
    |
 19 | 	let v = Vec2 { x, y: 10 };
    | 	               ^

Type Error: ObjectInitFieldTypeMismatch
    ---> src/tests/typecheck/test_error_struct.ib:20:24
    |
 20 | 	let v = Vec2 { x: 10, y: false };
    | 	                      ^

# MODULE: src/tests/typecheck/test_error_struct.ib

STRUCT : Vec2 [SIZE=8,ALIGN=4]
  .0	x	: f32
  .4	y	: f32

FN Foo
  return: void
  BLOCK

FN fields
  return: void
  BLOCK
    VAR_DECL LET foo@1
      TYPE: i64
      I64(10)
    VAR_DECL LET x@2
      TYPE: i64
      I64(10)
    VAR_DECL LET v@3
      TYPE: SYMBOL@3[name=Vec2,module=0]
      OBJECT_INIT SYMBOL@3[name=Vec2,module=0]
        x
          CAST Method: IntToFloat
            VAR@2 [ident=x]
            CAST_INTO f32
        y
          CAST Method: IntToFloat
            I64(5)
            CAST_INTO f32
    VAR_DECL LET v@4
      TYPE: SYMBOL@3[name=Vec2,module=0]
      OBJECT_INIT SYMBOL@3[name=Vec2,module=0]
        x
          CAST Method: IntToFloat
            VAR@2 [ident=x]
            CAST_INTO f32
        y
          CAST Method: IntToFloat
            I64(5)
            CAST_INTO f32
        foo
          VAR@1 [ident=foo]
    VAR_DECL LET v@5
      TYPE: SYMBOL@3[name=Vec2,module=0]
      OBJECT_INIT SYMBOL@3[name=Vec2,module=0]
        x
          CAST Method: IntToFloat
            VAR@2 [ident=x]
            CAST_INTO f32
    VAR_DECL LET v@6
      TYPE: SYMBOL@3[name=Vec2,module=0]
      OBJECT_INIT SYMBOL@3[name=Vec2,module=0]
        x
          CAST Method: IntToFloat
            VAR@2 [ident=x]
            CAST_INTO f32
        bar
          VAR@1 [ident=foo]
    VAR_DECL LET v@7
      TYPE: !UNKNOWN!
      ERROR
    VAR_DECL LET v@8
      TYPE: !UNKNOWN!
      ERROR
    VAR_DECL LET x@9
      TYPE: bool
      TRUE
    VAR_DECL LET v@10
      TYPE: SYMBOL@3[name=Vec2,module=0]
      OBJECT_INIT SYMBOL@3[name=Vec2,module=0]
        x
          CAST Method: Keep
            VAR@9 [ident=x]
            CAST_INTO f32
        y
          CAST Method: IntToFloat
            I64(10)
            CAST_INTO f32
    VAR_DECL LET v@11
      TYPE: SYMBOL@3[name=Vec2,module=0]
      OBJECT_INIT SYMBOL@3[name=Vec2,module=0]
        x
          CAST Method: IntToFloat
            I64(10)
            CAST_INTO f32
        y
          CAST Method: Keep
            FALSE
            CAST_INTO f32


