LiteralInt(123)
LiteralInt(321)
LiteralInt(333)
LiteralFloat(123)
LiteralFloat(322)
LiteralChar(a)
LiteralChar(b)
LiteralChar(c)
LiteralChar(10)
LiteralChar(9)
LiteralChar(13)
LiteralChar(0)
LiteralChar(')
LiteralChar(\)
LiteralString("abc"abc")
LiteralString("Hello World10")
LiteralChar(e)
LiteralChar(j)
LiteralChar(})
LiteralString("What e?")
Ident(abc)
Ident(aaa)
Ident(bbb)
Ident(foo)
Ident(bar)
