Parser Error: ObjectDefNameExpected
   ---> ./src/tests/ast/test_errors_object.ib:2:1
   |
 2 | struct {}
   |      ^

Parser Error: ObjectDefBraceLExpected
   ---> ./src/tests/ast/test_errors_object.ib:5:8
   |
 5 | struct Abc
   |          ^

Parser Error: ObjectDefColonExpected
   ---> ./src/tests/ast/test_errors_object.ib:8:14
   |
 8 | struct Abc { abc }
   |                ^

Parser Error: ObjectDefCommaExpected
    ---> ./src/tests/ast/test_errors_object.ib:11:19
    |
 11 | struct Abc { abc: int foo }
    |                     ^

Parser Error: InvalidTypeIdent
    ---> ./src/tests/ast/test_errors_object.ib:14:17
    |
 14 | struct Abc { abc: }
    |                 ^

Parser Error: ObjectDefCommaExpected
    ---> ./src/tests/ast/test_errors_object.ib:17:19
    |
 17 | struct Abc { abc: int foo: bar, test: str, whatif }
    |                     ^

