Parser Error: GlobalNameExpected
   ---> ./src/tests/ast/test_errors_declaration.ib:2:1
   |
 2 | const = import "@stdlib"
   | ^^^^^

Parser Error: ImportCannotBePublic
   ---> ./src/tests/ast/test_errors_declaration.ib:5:1
   |
 5 | pub import "stdlib"
   | ^^^

Parser Error: VarDeclEqExpected
   ---> ./src/tests/ast/test_errors_declaration.ib:8:7
   |
 8 | const stdlib import "stdlib"
   |            ^

Parser Error: ImportPathExpected
    ---> ./src/tests/ast/test_errors_declaration.ib:11:16
    |
 11 | const stdlib = import 
    |                     ^

Parser Error: DuplicatePubForDeclaration
    ---> ./src/tests/ast/test_errors_declaration.ib:14:1
    |
 14 | pub pub let abc = "abc";
    | ^^^

Parser Error: UnknownDeclaration
    ---> ./src/tests/ast/test_errors_declaration.ib:17:1
    |
 17 | asdf
    | ^^^^

